// Jest Snapshot v1, https://goo.gl/fbAQLP

exports[`One Country snapshot renders correctly 1`] = `
<a
  className=""
  href="/Germany"
  onClick={[Function]}
>
  <li
    className="card"
  >
    <div>
      <img
        alt="map"
        className="map"
        src="https://raw.githubusercontent.com/djaiss/mapsicon/33ba28808f8d32b5bae0ffada9cadd07073852e1/all/ad/vector.svg"
      />
      <i
        className="fa-regular fa-circle-right"
      />
    </div>
    <h5>
      Germany
    </h5>
    <h6 />
  </li>
</a>
`;
